(node:4) [UNDICI-EHPA] Warning: EnvHttpProxyAgent is experimental, expect them to change at any time.
(Use `node --trace-warnings ...` to show where the warning was created)
npm warn Unknown env config "http-proxy". This will stop working in the next major version of npm.

> build
> npm run build --workspace client

(node:17) [UNDICI-EHPA] Warning: EnvHttpProxyAgent is experimental, expect them to change at any time.
(Use `node --trace-warnings ...` to show where the warning was created)
npm warn Unknown env config "http-proxy". This will stop working in the next major version of npm.

> off-the-clock-client@0.0.0 build
> vite build && vite build --config vite.widget.config.js

(node:30) [UNDICI-EHPA] Warning: EnvHttpProxyAgent is experimental, expect them to change at any time.
(Use `node --trace-warnings ...` to show where the warning was created)
vite v6.4.3 building for production...
transforming...
✓ 1631 modules transformed.
rendering chunks...
computing gzip size...
dist/index.html                   0.40 kB │ gzip:   0.27 kB
dist/assets/index-ok7dnGb7.css   53.02 kB │ gzip:   9.40 kB
dist/assets/index-BH11q4YO.js   615.95 kB │ gzip: 176.38 kB

(!) Some chunks are larger than 500 kB after minification. Consider:
- Using dynamic import() to code-split the application
- Use build.rollupOptions.output.manualChunks to improve chunking: https://rollupjs.org/configuration-options/#output-manualchunks
- Adjust chunk size limit for this warning via build.chunkSizeWarningLimit.
✓ built in 2.38s
(node:55) [UNDICI-EHPA] Warning: EnvHttpProxyAgent is experimental, expect them to change at any time.
(Use `node --trace-warnings ...` to show where the warning was created)
vite v6.4.3 building for production...
transforming...
✓ 1603 modules transformed.
rendering chunks...
computing gzip size...
dist/widget-app.js  512.12 kB │ gzip: 118.96 kB
✓ built in 1.97s
