COMMAND: node node_modules/vite/bin/vite.js build (cwd client)
[36mvite v6.4.3 [32mbuilding for production...[36m[39m
transforming...
[32m✓[39m 1608 modules transformed.
rendering chunks...
computing gzip size...
[2mdist/[22m[32mindex.html                 [39m[1m[2m  0.40 kB[22m[1m[22m[2m │ gzip:   0.27 kB[22m
[2mdist/[22m[35massets/index-Wzmw2GTw.css  [39m[1m[2m 52.77 kB[22m[1m[22m[2m │ gzip:   9.34 kB[22m
[2mdist/[22m[36massets/index-DuBpWCXb.js   [39m[1m[33m676.30 kB[39m[22m[2m │ gzip: 195.29 kB[22m
[33m
(!) Some chunks are larger than 500 kB after minification. Consider:
- Using dynamic import() to code-split the application
- Use build.rollupOptions.output.manualChunks to improve chunking: https://rollupjs.org/configuration-options/#output-manualchunks
- Adjust chunk size limit for this warning via build.chunkSizeWarningLimit.[39m
[32m✓ built in 1m[39m
COMMAND: node node_modules/vite/bin/vite.js build --config vite.widget.config.js (cwd client)
[36mvite v6.4.3 [32mbuilding for production...[36m[39m
transforming...
[32m✓[39m 1588 modules transformed.
rendering chunks...
computing gzip size...
[2mdist/[22m[36mwidget-app.js  [39m[1m[2m452.70 kB[22m[1m[22m[2m │ gzip: 104.59 kB[22m
[32m✓ built in 34.59s[39m
