TAP version 13
# (node:10) ExperimentalWarning: SQLite is an experimental feature and might change at any time
# (Use `node --trace-warnings ...` to show where the warning was created)
# Subtest: owner settings and per-service policy become direct-ready only from owner-scoped saved state
ok 1 - owner settings and per-service policy become direct-ready only from owner-scoped saved state
  ---
  duration_ms: 30.283996
  type: 'test'
  ...
# Subtest: tenant isolation prevents reading or writing another owner service policy
ok 2 - tenant isolation prevents reading or writing another owner service policy
  ---
  duration_ms: 2.213936
  type: 'test'
  ...
# Subtest: settings validation is closed and rejects invalid timezone, hours, overlaps, and bounds without writes
ok 3 - settings validation is closed and rejects invalid timezone, hours, overlaps, and bounds without writes
  ---
  duration_ms: 12.620542
  type: 'test'
  ...
# Subtest: policy validation rejects invalid modes, durations, fields, unknown services, and ambiguous tiers
ok 4 - policy validation rejects invalid modes, durations, fields, unknown services, and ambiguous tiers
  ---
  duration_ms: 5.683799
  type: 'test'
  ...
# Subtest: widget branding and origin allowlist are strict, tenant-scoped, and preserve the public key
ok 5 - widget branding and origin allowlist are strict, tenant-scoped, and preserve the public key
  ---
  duration_ms: 8.146954
  type: 'test'
  ...
# Subtest: widget settings and access-key creation roll back together on key collision
ok 6 - widget settings and access-key creation roll back together on key collision
  ---
  duration_ms: 1.212975
  type: 'test'
  ...
# Subtest: readiness fails closed for missing credentials and empty hours, while Calendly is only an external handoff
ok 7 - readiness fails closed for missing credentials and empty hours, while Calendly is only an external handoff
  ---
  duration_ms: 6.356916
  type: 'test'
  ...
# Subtest: structured service-area readiness distinguishes missing, invalid, and valid policies without exposing city data
ok 8 - structured service-area readiness distinguishes missing, invalid, and valid policies without exposing city data
  ---
  duration_ms: 4.106236
  type: 'test'
  ...
# Subtest: booking B01 spring-forward duration cannot extend past owner closing time
ok 9 - booking B01 spring-forward duration cannot extend past owner closing time
  ---
  duration_ms: 25.368244
  type: 'test'
  ...
# Subtest: booking B01 fall-back elapsed duration includes the valid extra-hour slot
ok 10 - booking B01 fall-back elapsed duration includes the valid extra-hour slot
  ---
  duration_ms: 7.958044
  type: 'test'
  ...
# Subtest: DST control: a skipped closing wall time does not discard an earlier valid short appointment
ok 11 - DST control: a skipped closing wall time does not discard an earlier valid short appointment
  ---
  duration_ms: 3.399179
  type: 'test'
  ...
# Subtest: DST control: a narrow repeated-hours window cannot span intervening closed clock times
ok 12 - DST control: a narrow repeated-hours window cannot span intervening closed clock times
  ---
  duration_ms: 3.618144
  type: 'test'
  ...
# Subtest: booking B02 finalizer cannot overwrite newer provider reconciliation: pending
ok 13 - booking B02 finalizer cannot overwrite newer provider reconciliation: pending
  ---
  duration_ms: 57.713449
  type: 'test'
  ...
# Subtest: booking B02 finalizer cannot overwrite newer provider reconciliation: failure
ok 14 - booking B02 finalizer cannot overwrite newer provider reconciliation: failure
  ---
  duration_ms: 41.830881
  type: 'test'
  ...
# Subtest: booking B02 finalizer cannot overwrite newer provider reconciliation: confirmed-after-cancel
ok 15 - booking B02 finalizer cannot overwrite newer provider reconciliation: confirmed-after-cancel
  ---
  duration_ms: 40.461736
  type: 'test'
  ...
# Subtest: booking B03 confirmation rechecks a slot start that passed during hold
ok 16 - booking B03 confirmation rechecks a slot start that passed during hold
  ---
  duration_ms: 22.187237
  type: 'test'
  ...
# Subtest: booking B03 confirmation rechecks a slot start that passed during provider read
ok 17 - booking B03 confirmation rechecks a slot start that passed during provider read
  ---
  duration_ms: 22.712934
  type: 'test'
  ...
# Subtest: booking B04 changed owner availability during busy read prevents stale provider write
ok 18 - booking B04 changed owner availability during busy read prevents stale provider write
  ---
  duration_ms: 23.410867
  type: 'test'
  ...
# Subtest: two independent SQLite workers racing for one slot yield exactly one hold and one booking
ok 19 - two independent SQLite workers racing for one slot yield exactly one hold and one booking
  ---
  duration_ms: 134.413727
  type: 'test'
  ...
# Subtest: hold expiry releases overlap exactly at five minutes: 299999
ok 20 - hold expiry releases overlap exactly at five minutes: 299999
  ---
  duration_ms: 36.390392
  type: 'test'
  ...
# Subtest: hold expiry releases overlap exactly at five minutes: 300000
ok 21 - hold expiry releases overlap exactly at five minutes: 300000
  ---
  duration_ms: 39.610996
  type: 'test'
  ...
# Subtest: hold expiry releases overlap exactly at five minutes: 300001
ok 22 - hold expiry releases overlap exactly at five minutes: 300001
  ---
  duration_ms: 53.905837
  type: 'test'
  ...
# Subtest: hold and booking receipts survive restart; changed payload and alternate key cannot duplicate
ok 23 - hold and booking receipts survive restart; changed payload and alternate key cannot duplicate
  ---
  duration_ms: 31.779549
  type: 'test'
  ...
# Subtest: provider/storage failure keeps visible durable outcome: busy-rejection
ok 24 - provider/storage failure keeps visible durable outcome: busy-rejection
  ---
  duration_ms: 30.399412
  type: 'test'
  ...
# Subtest: provider/storage failure keeps visible durable outcome: create-rejection
ok 25 - provider/storage failure keeps visible durable outcome: create-rejection
  ---
  duration_ms: 33.181884
  type: 'test'
  ...
# Subtest: provider/storage failure keeps visible durable outcome: lost-response
ok 26 - provider/storage failure keeps visible durable outcome: lost-response
  ---
  duration_ms: 35.104348
  type: 'test'
  ...
# Subtest: provider/storage failure keeps visible durable outcome: sqlite-finalization
ok 27 - provider/storage failure keeps visible durable outcome: sqlite-finalization
  ---
  duration_ms: 33.216796
  type: 'test'
  ...
# Subtest: tenant contexts, holds, slots, confirmations, dashboard and provider reads never cross owners
ok 28 - tenant contexts, holds, slots, confirmations, dashboard and provider reads never cross owners
  ---
  duration_ms: 52.560396
  type: 'test'
  ...
# Subtest: Moncton booking, owner views and Los Angeles instant agree on 2026-03-07
ok 29 - Moncton booking, owner views and Los Angeles instant agree on 2026-03-07
  ---
  duration_ms: 34.609257
  type: 'test'
  ...
# Subtest: Moncton booking, owner views and Los Angeles instant agree on 2026-03-08
ok 30 - Moncton booking, owner views and Los Angeles instant agree on 2026-03-08
  ---
  duration_ms: 32.688133
  type: 'test'
  ...
# Subtest: Moncton booking, owner views and Los Angeles instant agree on 2026-11-01
ok 31 - Moncton booking, owner views and Los Angeles instant agree on 2026-11-01
  ---
  duration_ms: 42.630414
  type: 'test'
  ...
# Subtest: Moncton DST gap and repeated times have exact unambiguous instants
ok 32 - Moncton DST gap and repeated times have exact unambiguous instants
  ---
  duration_ms: 2.042673
  type: 'test'
  ...
# (node:12) ExperimentalWarning: SQLite is an experimental feature and might change at any time
# (Use `node --trace-warnings ...` to show where the warning was created)
# Subtest: preference request atomically stores a callback request without claiming a booking
ok 33 - preference request atomically stores a callback request without claiming a booking
  ---
  duration_ms: 24.264711
  type: 'test'
  ...
# Subtest: tenant isolation and expired or inactive intent checks happen before writes
ok 34 - tenant isolation and expired or inactive intent checks happen before writes
  ---
  duration_ms: 2.306754
  type: 'test'
  ...
# Subtest: request validation is closed and rejects malformed nested data
ok 35 - request validation is closed and rejects malformed nested data
  ---
  duration_ms: 16.674696
  type: 'test'
  ...
# Subtest: future dates use settings timezone, then a valid owner timezone fallback
ok 36 - future dates use settings timezone, then a valid owner timezone fallback
  ---
  duration_ms: 2.993329
  type: 'test'
  ...
# Subtest: exact retry survives restart and expiry while changed payload conflicts
ok 37 - exact retry survives restart and expiry while changed payload conflicts
  ---
  duration_ms: 1.529082
  type: 'test'
  ...
# Subtest: outbox failure rolls back preference and idempotency receipt atomically
ok 38 - outbox failure rolls back preference and idempotency receipt atomically
  ---
  duration_ms: 1.200156
  type: 'test'
  ...
# Subtest: public booking context binds token tenant and exact allowed website origin
ok 39 - public booking context binds token tenant and exact allowed website origin
  ---
  duration_ms: 2.149891
  type: 'test'
  ...
# Subtest: availability requires unchanged scope and a strict post-quote identity envelope
ok 40 - availability requires unchanged scope and a strict post-quote identity envelope
  ---
  duration_ms: 1.079107
  type: 'test'
  ...
# Subtest: hold, release, confirm, and polling forward only server-bound context
ok 41 - hold, release, confirm, and polling forward only server-bound context
  ---
  duration_ms: 0.910928
  type: 'test'
  ...
# (node:21) ExperimentalWarning: SQLite is an experimental feature and might change at any time
# (Use `node --trace-warnings ...` to show where the warning was created)
# Subtest: booking tokens resolve tenant context without accepting a body ownerId
ok 42 - booking tokens resolve tenant context without accepting a body ownerId
  ---
  duration_ms: 5.477184
  type: 'test'
  ...
# Subtest: tenant-scoped availability does not reveal another owner intent
ok 43 - tenant-scoped availability does not reveal another owner intent
  ---
  duration_ms: 1.687316
  type: 'test'
  ...
# Subtest: unconfigured and out-of-area requests fall back before any calendar read
ok 44 - unconfigured and out-of-area requests fall back before any calendar read
  ---
  duration_ms: 20.743471
  type: 'test'
  ...
# Subtest: confirmation rechecks current service-area policy before provider work
ok 45 - confirmation rechecks current service-area policy before provider work
  ---
  duration_ms: 30.122829
  type: 'test'
  ...
# Subtest: slot IDs are opaque and tampering is rejected without creating a hold
ok 46 - slot IDs are opaque and tampering is rejected without creating a hold
  ---
  duration_ms: 25.748341
  type: 'test'
  ...
# Subtest: holds last exactly five minutes, retry exactly, block overlap, and release after expiry
ok 47 - holds last exactly five minutes, retry exactly, block overlap, and release after expiry
  ---
  duration_ms: 52.629628
  type: 'test'
  ...
# Subtest: hold release is tenant-scoped, exact-replay idempotent, and stable after expiry
ok 48 - hold release is tenant-scoped, exact-replay idempotent, and stable after expiry
  ---
  duration_ms: 23.820363
  type: 'test'
  ...
# Subtest: idempotency key reuse with a changed hold payload is rejected
ok 49 - idempotency key reuse with a changed hold payload is rejected
  ---
  duration_ms: 15.769141
  type: 'test'
  ...
# Subtest: a policy revision change invalidates a held slot before provider work
ok 50 - a policy revision change invalidates a held slot before provider work
  ---
  duration_ms: 16.163224
  type: 'test'
  ...
# Subtest: review outcomes cannot book a job directly, and released multi-tier jobs require a valid tier
ok 51 - review outcomes cannot book a job directly, and released multi-tier jobs require a valid tier
  ---
  duration_ms: 16.11309
  type: 'test'
  ...
# Subtest: confirmed provider result commits one appointment and one outbox event, with exact retry
ok 52 - confirmed provider result commits one appointment and one outbox event, with exact retry
  ---
  duration_ms: 19.77667
  type: 'test'
  ...
# Subtest: pending confirmation is customer-safe, opaque, pollable, and exact-replay idempotent
ok 53 - pending confirmation is customer-safe, opaque, pollable, and exact-replay idempotent
  ---
  duration_ms: 17.145638
  type: 'test'
  ...
# Subtest: confirmation polling reconciles pending to the full confirmed public shape without changing the confirm receipt
ok 54 - confirmation polling reconciles pending to the full confirmed public shape without changing the confirm receipt
  ---
  duration_ms: 18.091958
  type: 'test'
  ...
# Subtest: confirmation polling returns an exact customer-safe failure shape
ok 55 - confirmation polling returns an exact customer-safe failure shape
  ---
  duration_ms: 15.5313
  type: 'test'
  ...
# Subtest: a provider conflict discovered after the hold releases it without creating an event
ok 56 - a provider conflict discovered after the hold releases it without creating an event
  ---
  duration_ms: 16.257984
  type: 'test'
  ...
# Subtest: known provider failure returns 503, preserves the unexpired hold, and retries from receipt
ok 57 - known provider failure returns 503, preserves the unexpired hold, and retries from receipt
  ---
  duration_ms: 16.206959
  type: 'test'
  ...
# Subtest: ambiguous provider timeout reconciles by deterministic event lookup
ok 58 - ambiguous provider timeout reconciles by deterministic event lookup
  ---
  duration_ms: 16.127682
  type: 'test'
  ...
# Subtest: calendar conversion rejects a spring-forward wall time and preserves both fall-back instants
ok 59 - calendar conversion rejects a spring-forward wall time and preserves both fall-back instants
  ---
  duration_ms: 1.347854
  type: 'test'
  ...
# Subtest: Provider confirmation create: missing-status never books or emits booked notification
ok 60 - Provider confirmation create: missing-status never books or emits booked notification
  ---
  duration_ms: 20.664514
  type: 'test'
  ...
# Subtest: Provider confirmation create: tentative never books or emits booked notification
ok 61 - Provider confirmation create: tentative never books or emits booked notification
  ---
  duration_ms: 17.602204
  type: 'test'
  ...
# Subtest: Provider confirmation create: cancelled never books or emits booked notification
ok 62 - Provider confirmation create: cancelled never books or emits booked notification
  ---
  duration_ms: 19.437539
  type: 'test'
  ...
# Subtest: Provider confirmation create: wrong-id never books or emits booked notification
ok 63 - Provider confirmation create: wrong-id never books or emits booked notification
  ---
  duration_ms: 20.285964
  type: 'test'
  ...
# Subtest: Provider confirmation create: wrong-day never books or emits booked notification
ok 64 - Provider confirmation create: wrong-day never books or emits booked notification
  ---
  duration_ms: 17.43097
  type: 'test'
  ...
# Subtest: Provider confirmation create: wrong-duration never books or emits booked notification
ok 65 - Provider confirmation create: wrong-duration never books or emits booked notification
  ---
  duration_ms: 14.658168
  type: 'test'
  ...
# Subtest: Provider confirmation create: missing-start never books or emits booked notification
ok 66 - Provider confirmation create: missing-start never books or emits booked notification
  ---
  duration_ms: 14.742202
  type: 'test'
  ...
# Subtest: Provider confirmation create: numeric-start never books or emits booked notification
ok 67 - Provider confirmation create: numeric-start never books or emits booked notification
  ---
  duration_ms: 17.28932
  type: 'test'
  ...
# Subtest: Provider confirmation recovery: missing-status never books or emits booked notification
ok 68 - Provider confirmation recovery: missing-status never books or emits booked notification
  ---
  duration_ms: 14.048706
  type: 'test'
  ...
# Subtest: Provider confirmation recovery: tentative never books or emits booked notification
ok 69 - Provider confirmation recovery: tentative never books or emits booked notification
  ---
  duration_ms: 14.877261
  type: 'test'
  ...
# Subtest: Provider confirmation recovery: cancelled never books or emits booked notification
ok 70 - Provider confirmation recovery: cancelled never books or emits booked notification
  ---
  duration_ms: 14.071129
  type: 'test'
  ...
# Subtest: Provider confirmation recovery: wrong-id never books or emits booked notification
ok 71 - Provider confirmation recovery: wrong-id never books or emits booked notification
  ---
  duration_ms: 23.250896
  type: 'test'
  ...
# Subtest: Provider confirmation recovery: wrong-day never books or emits booked notification
ok 72 - Provider confirmation recovery: wrong-day never books or emits booked notification
  ---
  duration_ms: 23.189391
  type: 'test'
  ...
# Subtest: Provider confirmation recovery: wrong-duration never books or emits booked notification
ok 73 - Provider confirmation recovery: wrong-duration never books or emits booked notification
  ---
  duration_ms: 17.531333
  type: 'test'
  ...
# Subtest: Provider confirmation recovery: missing-start never books or emits booked notification
ok 74 - Provider confirmation recovery: missing-start never books or emits booked notification
  ---
  duration_ms: 13.478752
  type: 'test'
  ...
# Subtest: Provider confirmation recovery: numeric-start never books or emits booked notification
ok 75 - Provider confirmation recovery: numeric-start never books or emits booked notification
  ---
  duration_ms: 14.677036
  type: 'test'
  ...
# Subtest: Provider confirmation poll: missing-status never books or emits booked notification
ok 76 - Provider confirmation poll: missing-status never books or emits booked notification
  ---
  duration_ms: 15.003208
  type: 'test'
  ...
# Subtest: Provider confirmation poll: tentative never books or emits booked notification
ok 77 - Provider confirmation poll: tentative never books or emits booked notification
  ---
  duration_ms: 13.966073
  type: 'test'
  ...
# Subtest: Provider confirmation poll: cancelled never books or emits booked notification
ok 78 - Provider confirmation poll: cancelled never books or emits booked notification
  ---
  duration_ms: 14.232467
  type: 'test'
  ...
# Subtest: Provider confirmation poll: wrong-id never books or emits booked notification
ok 79 - Provider confirmation poll: wrong-id never books or emits booked notification
  ---
  duration_ms: 13.970319
  type: 'test'
  ...
# Subtest: Provider confirmation poll: wrong-day never books or emits booked notification
ok 80 - Provider confirmation poll: wrong-day never books or emits booked notification
  ---
  duration_ms: 14.343723
  type: 'test'
  ...
# Subtest: Provider confirmation poll: wrong-duration never books or emits booked notification
ok 81 - Provider confirmation poll: wrong-duration never books or emits booked notification
  ---
  duration_ms: 15.846175
  type: 'test'
  ...
# Subtest: Provider confirmation poll: missing-start never books or emits booked notification
ok 82 - Provider confirmation poll: missing-start never books or emits booked notification
  ---
  duration_ms: 14.668042
  type: 'test'
  ...
# Subtest: Provider confirmation poll: numeric-start never books or emits booked notification
ok 83 - Provider confirmation poll: numeric-start never books or emits booked notification
  ---
  duration_ms: 13.918163
  type: 'test'
  ...
# Subtest: Provider confirmation accepts the same exact instants expressed with another timezone offset
ok 84 - Provider confirmation accepts the same exact instants expressed with another timezone offset
  ---
  duration_ms: 14.718427
  type: 'test'
  ...
# Subtest: One intent cannot create another appointment through a different hold or idempotency key
ok 85 - One intent cannot create another appointment through a different hold or idempotency key
  ---
  duration_ms: 16.125699
  type: 'test'
  ...
# Subtest: Interrupted pre-write preparation releases its slot and fences a late handler
ok 86 - Interrupted pre-write preparation releases its slot and fences a late handler
  ---
  duration_ms: 17.685126
  type: 'test'
  ...
# Subtest: Interrupted pre-write preparation releases its slot and fences a late handler with a late read failure
ok 87 - Interrupted pre-write preparation releases its slot and fences a late handler with a late read failure
  ---
  duration_ms: 17.142533
  type: 'test'
  ...
# Subtest: A provider write already started remains pending after restart until its exact event is confirmed
ok 88 - A provider write already started remains pending after restart until its exact event is confirmed
  ---
  duration_ms: 16.561934
  type: 'test'
  ...
# Subtest: Opus booking: missing event after write marker retries the exact saved event and confirms once
ok 89 - Opus booking: missing event after write marker retries the exact saved event and confirms once
  ---
  duration_ms: 28.515686
  type: 'test'
  ...
# Subtest: Opus booking: simultaneous recovery polls create only one retry
ok 90 - Opus booking: simultaneous recovery polls create only one retry
  ---
  duration_ms: 27.578894
  type: 'test'
  ...
# Subtest: Opus booking control: lookup-failed never creates a new event or announces confirmation
ok 91 - Opus booking control: lookup-failed never creates a new event or announces confirmation
  ---
  duration_ms: 24.586948
  type: 'test'
  ...
# Subtest: Opus booking control: busy never creates a new event or announces confirmation
ok 92 - Opus booking control: busy never creates a new event or announces confirmation
  ---
  duration_ms: 21.136993
  type: 'test'
  ...
# Subtest: Opus booking control: policy-changed never creates a new event or announces confirmation
ok 93 - Opus booking control: policy-changed never creates a new event or announces confirmation
  ---
  duration_ms: 14.373336
  type: 'test'
  ...
# Subtest: Opus booking control: calendar-changed never creates a new event or announces confirmation
ok 94 - Opus booking control: calendar-changed never creates a new event or announces confirmation
  ---
  duration_ms: 15.233398
  type: 'test'
  ...
# Subtest: Opus booking control: no-idempotency never creates a new event or announces confirmation
ok 95 - Opus booking control: no-idempotency never creates a new event or announces confirmation
  ---
  duration_ms: 19.028334
  type: 'test'
  ...
# Subtest: Opus booking control: expired-time never creates a new event or announces confirmation
ok 96 - Opus booking control: expired-time never creates a new event or announces confirmation
  ---
  duration_ms: 21.210111
  type: 'test'
  ...
# Subtest: Opus booking: existing event is reconciled without a write
ok 97 - Opus booking: existing event is reconciled without a write
  ---
  duration_ms: 21.702225
  type: 'test'
  ...
# Subtest: New owner fields remain blank instead of becoming invented availability
ok 98 - New owner fields remain blank instead of becoming invented availability
  ---
  duration_ms: 19.817652
  type: 'test'
  ...
# Subtest: Saved settings round trip with zero notice and independent working-hour edits
ok 99 - Saved settings round trip with zero notice and independent working-hour edits
  ---
  duration_ms: 1.071174
  type: 'test'
  ...
# Subtest: Unchanged blackout keeps exact seconds and absolute instant through timezone changes
ok 100 - Unchanged blackout keeps exact seconds and absolute instant through timezone changes
  ---
  duration_ms: 5.104783
  type: 'test'
  ...
# Subtest: Edited blackout uses the business timezone rather than the browser timezone
ok 101 - Edited blackout uses the business timezone rather than the browser timezone
  ---
  duration_ms: 2.586997
  type: 'test'
  ...
# Subtest: Clock-change gaps and repeated local times require an editable correction
ok 102 - Clock-change gaps and repeated local times require an editable correction
  ---
  duration_ms: 2.40625
  type: 'test'
  ...
# Subtest: listBusy is owner scoped and maps the Google freebusy request and response
ok 103 - listBusy is owner scoped and maps the Google freebusy request and response
  ---
  duration_ms: 31.808613
  type: 'test'
  ...
# Subtest: UTC request bounds and freebusy response bounds fail closed before use
ok 104 - UTC request bounds and freebusy response bounds fail closed before use
  ---
  duration_ms: 2.006679
  type: 'test'
  ...
# Subtest: createEvent uses the deterministic BookingService event ID and getEvent validates it
ok 105 - createEvent uses the deterministic BookingService event ID and getEvent validates it
  ---
  duration_ms: 22.983996
  type: 'test'
  ...
# Subtest: getEvent preserves cancelled provider status for BookingService reconciliation
ok 106 - getEvent preserves cancelled provider status for BookingService reconciliation
  ---
  duration_ms: 0.719214
  type: 'test'
  ...
# Subtest: an expired access token is refreshed, persisted with its refresh token, and never returned
ok 107 - an expired access token is refreshed, persisted with its refresh token, and never returned
  ---
  duration_ms: 1.573328
  type: 'test'
  ...
# Subtest: concurrent expired-token requests coalesce one owner-scoped refresh
ok 108 - concurrent expired-token requests coalesce one owner-scoped refresh
  ---
  duration_ms: 8.648907
  type: 'test'
  ...
# Subtest: a 401 refreshes and retries the Calendar request once
ok 109 - a 401 refreshes and retries the Calendar request once
  ---
  duration_ms: 3.23069
  type: 'test'
  ...
# Subtest: a staggered concurrent 401 reloads a token another request already rotated
ok 110 - a staggered concurrent 401 reloads a token another request already rotated
  ---
  duration_ms: 1.544354
  type: 'test'
  ...
# Subtest: a repeated 401 is not retried or refreshed more than once
ok 111 - a repeated 401 is not retried or refreshed more than once
  ---
  duration_ms: 2.487009
  type: 'test'
  ...
# Subtest: create network and timeout failures are ambiguous without exposing underlying errors
ok 112 - create network and timeout failures are ambiguous without exposing underlying errors
  ---
  duration_ms: 1.281266
  type: 'test'
  ...
# Subtest: the request deadline covers a stalled create response body
ok 113 - the request deadline covers a stalled create response body
  ---
  duration_ms: 22.250867
  type: 'test'
  ...
# Subtest: a known Google 4xx write failure is non-ambiguous and sanitized
ok 114 - a known Google 4xx write failure is non-ambiguous and sanitized
  ---
  duration_ms: 1.053209
  type: 'test'
  ...
# Subtest: tenant and credential failures fail closed before a provider call
ok 115 - tenant and credential failures fail closed before a provider call
  ---
  duration_ms: 0.748457
  type: 'test'
  ...
# Subtest: refresh rejection and persistence failures expose no OAuth or credential material
ok 116 - refresh rejection and persistence failures expose no OAuth or credential material
  ---
  duration_ms: 1.029133
  type: 'test'
  ...
# Subtest: malformed Google response shapes fail closed and create parse failures remain ambiguous
ok 117 - malformed Google response shapes fail closed and create parse failures remain ambiguous
  ---
  duration_ms: 0.773935
  type: 'test'
  ...
# (node:42) ExperimentalWarning: SQLite is an experimental feature and might change at any time
# (Use `node --trace-warnings ...` to show where the warning was created)
# Subtest: Calendar uses business date and correct 25-hour fall-back day boundaries
ok 118 - Calendar uses business date and correct 25-hour fall-back day boundaries
  ---
  duration_ms: 27.289076
  type: 'test'
  ...
# Subtest: Owner schedule includes overlapping appointments, preserves states and excludes other tenants
ok 119 - Owner schedule includes overlapping appointments, preserves states and excludes other tenants
  ---
  duration_ms: 3.416174
  type: 'test'
  ...
# Subtest: Calendar rejects unsupported filters, impossible dates and missing owner
ok 120 - Calendar rejects unsupported filters, impossible dates and missing owner
  ---
  duration_ms: 2.62234
  type: 'test'
  ...
# Subtest: Busy-time read is scoped and changing the connection in flight rejects the old response
ok 121 - Busy-time read is scoped and changing the connection in flight rejects the old response
  ---
  duration_ms: 7.911285
  type: 'test'
  ...
# Subtest: Provider failure is an error, never a successful empty calendar
ok 122 - Provider failure is an error, never a successful empty calendar
  ---
  duration_ms: 2.752693
  type: 'test'
  ...
1..122
# tests 122
# suites 0
# pass 122
# fail 0
# cancelled 0
# skipped 0
# todo 0
# duration_ms 1257.931578
