npm warn Unknown env config "http-proxy". This will stop working in the next major version of npm.

> off-the-clock-client@0.0.0 build
> vite build && vite build --config vite.widget.config.js

vite v6.4.3 building for production...
transforming...
✓ 1616 modules transformed.
rendering chunks...
computing gzip size...
dist/index.html                   0.40 kB │ gzip:   0.27 kB
dist/assets/index-Wzmw2GTw.css   52.77 kB │ gzip:   9.34 kB
dist/assets/index-DDi1AVcj.js   509.08 kB │ gzip: 147.07 kB

(!) Some chunks are larger than 500 kB after minification. Consider:
- Using dynamic import() to code-split the application
- Use build.rollupOptions.output.manualChunks to improve chunking: https://rollupjs.org/configuration-options/#output-manualchunks
- Adjust chunk size limit for this warning via build.chunkSizeWarningLimit.
✓ built in 3.20s
vite v6.4.3 building for production...
transforming...
✓ 1592 modules transformed.
rendering chunks...
computing gzip size...
dist/widget-app.js  454.32 kB │ gzip: 105.08 kB
✓ built in 2.30s
