(node:4) ExperimentalWarning: SQLite is an experimental feature and might change at any time
(Use `node --trace-warnings ...` to show where the warning was created)
{
  "syntheticOnly": true,
  "experimentCount": 1,
  "rows": [
    {
      "id": "V01-trial-cap-does-not-meter-real-call",
      "expected": {
        "durationSeconds": 3601,
        "minutesUsed": 61,
        "nextCall": "fallback"
      },
      "actual": {
        "stored": {
          "duration": 3601,
          "minutesBilled": 0,
          "status": "COMPLETED"
        },
        "minutesUsed": 0,
        "nextCallStartsAI": true,
        "errors": []
      }
    }
  ]
}
