TAP version 13
# Subtest: Twilio REST authenticates with API key credentials, never the Auth Token
ok 1 - Twilio REST authenticates with API key credentials, never the Auth Token
  ---
  duration_ms: 15.7161
  type: 'test'
  ...
# Subtest: Auth Token alone cannot authorize a Twilio REST request
ok 2 - Auth Token alone cannot authorize a Twilio REST request
  ---
  duration_ms: 8.5002
  type: 'test'
  ...
# Subtest: Twilio provider failures neither reflect nor log credential-bearing details
ok 3 - Twilio provider failures neither reflect nor log credential-bearing details
  ---
  duration_ms: 8.3547
  type: 'test'
  ...
# Subtest: .env.example lists runtime/provider keys without sample secrets
ok 4 - .env.example lists runtime/provider keys without sample secrets
  ---
  duration_ms: 61.9504
  type: 'test'
  ...
1..4
# tests 4
# suites 0
# pass 4
# fail 0
# cancelled 0
# skipped 0
# todo 0
# duration_ms 523.2663
