npm warn Unknown env config "http-proxy". This will stop working in the next major version of npm.

> off-the-clock-client@0.0.0 build
> vite build && vite build --config vite.widget.config.js

vite v6.4.3 building for production...
transforming...
✓ 1617 modules transformed.
rendering chunks...
computing gzip size...
dist/index.html                   0.40 kB │ gzip:   0.27 kB
dist/assets/index-ok7dnGb7.css   53.02 kB │ gzip:   9.40 kB
dist/assets/index-CVtYrEkO.js   522.02 kB │ gzip: 150.84 kB

(!) Some chunks are larger than 500 kB after minification. Consider:
- Using dynamic import() to code-split the application
- Use build.rollupOptions.output.manualChunks to improve chunking: https://rollupjs.org/configuration-options/#output-manualchunks
- Adjust chunk size limit for this warning via build.chunkSizeWarningLimit.
✓ built in 2.00s
vite v6.4.3 building for production...
transforming...
✓ 1595 modules transformed.
rendering chunks...
computing gzip size...
dist/widget-app.js  457.61 kB │ gzip: 106.02 kB
✓ built in 1.63s
