TAP version 13
# Subtest: goAway while a turn is active retains the last handle and drains speech until turnComplete
not ok 1 - goAway while a turn is active retains the last handle and drains speech until turnComplete
  ---
  duration_ms: 5.838028
  type: 'test'
  location: '/workspace/scratch/7c2e3c39d840/repo/.tmp/base/test/receptionistAudit20261009.spec.mjs:23:1'
  failureType: 'testCodeFailure'
  error: |-
    Expected values to be strictly deep-equal:
    + actual - expected

    + []
    - [
    -   'AAEC'
    - ]

  code: 'ERR_ASSERTION'
  name: 'AssertionError'
  expected:
    0: 'AAEC'
  actual:
  operator: 'deepStrictEqual'
  stack: |-
    TestContext.<anonymous> (file:///workspace/scratch/7c2e3c39d840/repo/.tmp/base/test/receptionistAudit20261009.spec.mjs:28:59)
    async Test.run (node:internal/test_runner/test:1054:7)
    async startSubtestAfterBootstrap (node:internal/test_runner/harness:296:3)
  ...
# Subtest: a fresh resumable handle during goAway is used after the current speech
not ok 2 - a fresh resumable handle during goAway is used after the current speech
  ---
  duration_ms: 8.246896
  type: 'test'
  location: '/workspace/scratch/7c2e3c39d840/repo/.tmp/base/test/receptionistAudit20261009.spec.mjs:33:1'
  failureType: 'testCodeFailure'
  error: |-
    Expected values to be strictly equal:

    1 !== 2

  code: 'ERR_ASSERTION'
  name: 'AssertionError'
  expected: 2
  actual: 1
  operator: 'strictEqual'
  stack: |-
    TestContext.<anonymous> (file:///workspace/scratch/7c2e3c39d840/repo/.tmp/base/test/receptionistAudit20261009.spec.mjs:37:9)
    async Test.run (node:internal/test_runner/test:1054:7)
    async Test.processPendingSubtests (node:internal/test_runner/test:744:7)
  ...
# Subtest: idle goAway reconnects immediately; warning deadline uses last good handle
not ok 3 - idle goAway reconnects immediately; warning deadline uses last good handle
  ---
  duration_ms: 4.599151
  type: 'test'
  location: '/workspace/scratch/7c2e3c39d840/repo/.tmp/base/test/receptionistAudit20261009.spec.mjs:39:1'
  failureType: 'testCodeFailure'
  error: |-
    Expected values to be strictly equal:

    1 !== 2

  code: 'ERR_ASSERTION'
  name: 'AssertionError'
  expected: 2
  actual: 1
  operator: 'strictEqual'
  stack: |-
    TestContext.<anonymous> (file:///workspace/scratch/7c2e3c39d840/repo/.tmp/base/test/receptionistAudit20261009.spec.mjs:41:239)
    async Test.run (node:internal/test_runner/test:1054:7)
    async Test.processPendingSubtests (node:internal/test_runner/test:744:7)
  ...
# Subtest: transparent resumption replays unconsumed caller audio once in order
not ok 4 - transparent resumption replays unconsumed caller audio once in order
  ---
  duration_ms: 0.461532
  type: 'test'
  location: '/workspace/scratch/7c2e3c39d840/repo/.tmp/base/test/receptionistAudit20261009.spec.mjs:43:1'
  failureType: 'testCodeFailure'
  error: |-
    Expected values to be strictly equal:
    + actual - expected

    + undefined
    - true

  code: 'ERR_ASSERTION'
  name: 'AssertionError'
  expected: true
  operator: 'strictEqual'
  stack: |-
    TestContext.<anonymous> (file:///workspace/scratch/7c2e3c39d840/repo/.tmp/base/test/receptionistAudit20261009.spec.mjs:45:9)
    async Test.run (node:internal/test_runner/test:1054:7)
    async Test.processPendingSubtests (node:internal/test_runner/test:744:7)
  ...
# Subtest: identity accepts greeting plus question
not ok 5 - identity accepts greeting plus question
  ---
  duration_ms: 24.363699
  type: 'test'
  location: '/workspace/scratch/7c2e3c39d840/repo/.tmp/base/test/receptionistAudit20261009.spec.mjs:76:4'
  failureType: 'testCodeFailure'
  error: |-
    Expected values to be strictly equal:
    + actual - expected

    + 'not_found'
    - 'found'

  code: 'ERR_ASSERTION'
  name: 'AssertionError'
  expected: 'found'
  actual: 'not_found'
  operator: 'strictEqual'
  stack: |-
    TestContext.<anonymous> (file:///workspace/scratch/7c2e3c39d840/repo/.tmp/base/test/receptionistAudit20261009.spec.mjs:77:60)
    async Test.run (node:internal/test_runner/test:1054:7)
    async Test.processPendingSubtests (node:internal/test_runner/test:744:7)
  ...
# Subtest: identity accepts missing punctuation
not ok 6 - identity accepts missing punctuation
  ---
  duration_ms: 15.602468
  type: 'test'
  location: '/workspace/scratch/7c2e3c39d840/repo/.tmp/base/test/receptionistAudit20261009.spec.mjs:76:4'
  failureType: 'testCodeFailure'
  error: |-
    Expected values to be strictly equal:
    + actual - expected

    + 'not_found'
    - 'found'

  code: 'ERR_ASSERTION'
  name: 'AssertionError'
  expected: 'found'
  actual: 'not_found'
  operator: 'strictEqual'
  stack: |-
    TestContext.<anonymous> (file:///workspace/scratch/7c2e3c39d840/repo/.tmp/base/test/receptionistAudit20261009.spec.mjs:77:60)
    async Test.run (node:internal/test_runner/test:1054:7)
    async Test.processPendingSubtests (node:internal/test_runner/test:744:7)
  ...
# Subtest: identity accepts yeah that is me
not ok 7 - identity accepts yeah that is me
  ---
  duration_ms: 14.989529
  type: 'test'
  location: '/workspace/scratch/7c2e3c39d840/repo/.tmp/base/test/receptionistAudit20261009.spec.mjs:76:4'
  failureType: 'testCodeFailure'
  error: |-
    Expected values to be strictly equal:
    + actual - expected

    + 'not_found'
    - 'found'

  code: 'ERR_ASSERTION'
  name: 'AssertionError'
  expected: 'found'
  actual: 'not_found'
  operator: 'strictEqual'
  stack: |-
    TestContext.<anonymous> (file:///workspace/scratch/7c2e3c39d840/repo/.tmp/base/test/receptionistAudit20261009.spec.mjs:77:60)
    async Test.run (node:internal/test_runner/test:1054:7)
    async Test.processPendingSubtests (node:internal/test_runner/test:744:7)
  ...
# Subtest: identity accepts yes it is me
not ok 8 - identity accepts yes it is me
  ---
  duration_ms: 15.2184
  type: 'test'
  location: '/workspace/scratch/7c2e3c39d840/repo/.tmp/base/test/receptionistAudit20261009.spec.mjs:76:4'
  failureType: 'testCodeFailure'
  error: |-
    Expected values to be strictly equal:
    + actual - expected

    + 'not_found'
    - 'found'

  code: 'ERR_ASSERTION'
  name: 'AssertionError'
  expected: 'found'
  actual: 'not_found'
  operator: 'strictEqual'
  stack: |-
    TestContext.<anonymous> (file:///workspace/scratch/7c2e3c39d840/repo/.tmp/base/test/receptionistAudit20261009.spec.mjs:77:60)
    async Test.run (node:internal/test_runner/test:1054:7)
    async Test.processPendingSubtests (node:internal/test_runner/test:744:7)
  ...
# Subtest: identity accepts pieces
not ok 9 - identity accepts pieces
  ---
  duration_ms: 17.704658
  type: 'test'
  location: '/workspace/scratch/7c2e3c39d840/repo/.tmp/base/test/receptionistAudit20261009.spec.mjs:76:4'
  failureType: 'testCodeFailure'
  error: |-
    Expected values to be strictly equal:
    + actual - expected

    + 'not_found'
    - 'found'

  code: 'ERR_ASSERTION'
  name: 'AssertionError'
  expected: 'found'
  actual: 'not_found'
  operator: 'strictEqual'
  stack: |-
    TestContext.<anonymous> (file:///workspace/scratch/7c2e3c39d840/repo/.tmp/base/test/receptionistAudit20261009.spec.mjs:77:60)
    async Test.run (node:internal/test_runner/test:1054:7)
    async Test.processPendingSubtests (node:internal/test_runner/test:744:7)
  ...
# Subtest: identity accepts intro
not ok 10 - identity accepts intro
  ---
  duration_ms: 15.361167
  type: 'test'
  location: '/workspace/scratch/7c2e3c39d840/repo/.tmp/base/test/receptionistAudit20261009.spec.mjs:76:4'
  failureType: 'testCodeFailure'
  error: |-
    Expected values to be strictly equal:
    + actual - expected

    + 'not_found'
    - 'found'

  code: 'ERR_ASSERTION'
  name: 'AssertionError'
  expected: 'found'
  actual: 'not_found'
  operator: 'strictEqual'
  stack: |-
    TestContext.<anonymous> (file:///workspace/scratch/7c2e3c39d840/repo/.tmp/base/test/receptionistAudit20261009.spec.mjs:77:60)
    async Test.run (node:internal/test_runner/test:1054:7)
    async Test.processPendingSubtests (node:internal/test_runner/test:744:7)
  ...
# Subtest: identity accepts yup
not ok 11 - identity accepts yup
  ---
  duration_ms: 14.678756
  type: 'test'
  location: '/workspace/scratch/7c2e3c39d840/repo/.tmp/base/test/receptionistAudit20261009.spec.mjs:76:4'
  failureType: 'testCodeFailure'
  error: |-
    Expected values to be strictly equal:
    + actual - expected

    + 'not_found'
    - 'found'

  code: 'ERR_ASSERTION'
  name: 'AssertionError'
  expected: 'found'
  actual: 'not_found'
  operator: 'strictEqual'
  stack: |-
    TestContext.<anonymous> (file:///workspace/scratch/7c2e3c39d840/repo/.tmp/base/test/receptionistAudit20261009.spec.mjs:77:60)
    async Test.run (node:internal/test_runner/test:1054:7)
    async Test.processPendingSubtests (node:internal/test_runner/test:744:7)
  ...
# Subtest: identity accepts self naming
ok 12 - identity accepts self naming
  ---
  duration_ms: 15.78372
  type: 'test'
  ...
# Subtest: no-name question uses approved wording and a clear yes releases history
not ok 13 - no-name question uses approved wording and a clear yes releases history
  ---
  duration_ms: 13.933847
  type: 'test'
  location: '/workspace/scratch/7c2e3c39d840/repo/.tmp/base/test/receptionistAudit20261009.spec.mjs:79:1'
  failureType: 'testCodeFailure'
  error: |-
    Expected values to be strictly equal:
    + actual - expected

    + 'Am I speaking with the person who called this business from this number?'
    - 'Have you called us before from this number?'

  code: 'ERR_ASSERTION'
  name: 'AssertionError'
  expected: 'Have you called us before from this number?'
  actual: 'Am I speaking with the person who called this business from this number?'
  operator: 'strictEqual'
  stack: |-
    TestContext.<anonymous> (file:///workspace/scratch/7c2e3c39d840/repo/.tmp/base/test/receptionistAudit20261009.spec.mjs:82:9)
    async Test.run (node:internal/test_runner/test:1054:7)
    async Test.processPendingSubtests (node:internal/test_runner/test:744:7)
  ...
# Subtest: silence is retryable and a subsequent clear yes confirms
not ok 14 - silence is retryable and a subsequent clear yes confirms
  ---
  duration_ms: 15.130066
  type: 'test'
  location: '/workspace/scratch/7c2e3c39d840/repo/.tmp/base/test/receptionistAudit20261009.spec.mjs:86:1'
  failureType: 'testCodeFailure'
  error: |-
    Expected values to be strictly equal:
    + actual - expected

    + 'not_found'
    - 'identity_unconfirmed'

  code: 'ERR_ASSERTION'
  name: 'AssertionError'
  expected: 'identity_unconfirmed'
  actual: 'not_found'
  operator: 'strictEqual'
  stack: |-
    TestContext.<anonymous> (file:///workspace/scratch/7c2e3c39d840/repo/.tmp/base/test/receptionistAudit20261009.spec.mjs:89:9)
    async Test.run (node:internal/test_runner/test:1054:7)
    async Test.processPendingSubtests (node:internal/test_runner/test:744:7)
  ...
# Subtest: identity no reveals nothing
ok 15 - identity no reveals nothing
  ---
  duration_ms: 16.327995
  type: 'test'
  ...
# Subtest: identity unclear reveals nothing
ok 16 - identity unclear reveals nothing
  ---
  duration_ms: 15.900556
  type: 'test'
  ...
# Subtest: previous speech redacts every receptionist number and all caller money forms, retaining measurements
not ok 17 - previous speech redacts every receptionist number and all caller money forms, retaining measurements
  ---
  duration_ms: 13.207684
  type: 'test'
  location: '/workspace/scratch/7c2e3c39d840/repo/.tmp/base/test/receptionistAudit20261009.spec.mjs:97:1'
  failureType: 'testCodeFailure'
  error: |-
    The input was expected to not match the regular expression /\d|forty|hundred|twelve/. Input:

    'Between 4,820 and [past amount omitted]. About forty-eight hundred dollars. Roughly twelve hundred bucks for the deck. It would be 875 for the railing.'

  code: 'ERR_ASSERTION'
  name: 'AssertionError'
  expected:
  actual: 'Between 4,820 and [past amount omitted]. About forty-eight hundred dollars. Roughly twelve hundred bucks for the deck. It would be 875 for the railing.'
  operator: 'doesNotMatch'
  stack: |-
    TestContext.<anonymous> (file:///workspace/scratch/7c2e3c39d840/repo/.tmp/base/test/receptionistAudit20261009.spec.mjs:108:9)
    Test.runInAsyncScope (node:async_hooks:214:14)
    Test.run (node:internal/test_runner/test:1047:25)
    Test.processPendingSubtests (node:internal/test_runner/test:744:18)
    Test.postRun (node:internal/test_runner/test:1173:19)
    Test.run (node:internal/test_runner/test:1101:12)
    async Test.processPendingSubtests (node:internal/test_runner/test:744:7)
  ...
# Subtest: numeric product name: Pressure-treated 2x4 $3.50 each.
not ok 18 - numeric product name: Pressure-treated 2x4 $3.50 each.
  ---
  duration_ms: 5.737089
  type: 'test'
  location: '/workspace/scratch/7c2e3c39d840/repo/.tmp/base/test/receptionistAudit20261009.spec.mjs:117:3'
  failureType: 'testCodeFailure'
  error: |-
    Expected values to be strictly equal:
    + actual - expected

    + 'needs_review'
    - 'calculated'

  code: 'ERR_ASSERTION'
  name: 'AssertionError'
  expected: 'calculated'
  actual: 'needs_review'
  operator: 'strictEqual'
  stack: |-
    TestContext.<anonymous> (file:///workspace/scratch/7c2e3c39d840/repo/.tmp/base/test/receptionistAudit20261009.spec.mjs:118:41)
    Test.runInAsyncScope (node:async_hooks:214:14)
    Test.run (node:internal/test_runner/test:1047:25)
    Test.processPendingSubtests (node:internal/test_runner/test:744:18)
    Test.postRun (node:internal/test_runner/test:1173:19)
    Test.run (node:internal/test_runner/test:1101:12)
    async Test.processPendingSubtests (node:internal/test_runner/test:744:7)
  ...
# Subtest: numeric product name: 2x4 stud $3.50 each.
not ok 19 - numeric product name: 2x4 stud $3.50 each.
  ---
  duration_ms: 2.917314
  type: 'test'
  location: '/workspace/scratch/7c2e3c39d840/repo/.tmp/base/test/receptionistAudit20261009.spec.mjs:117:3'
  failureType: 'testCodeFailure'
  error: |-
    Expected values to be strictly equal:
    + actual - expected

    + 'needs_review'
    - 'calculated'

  code: 'ERR_ASSERTION'
  name: 'AssertionError'
  expected: 'calculated'
  actual: 'needs_review'
  operator: 'strictEqual'
  stack: |-
    TestContext.<anonymous> (file:///workspace/scratch/7c2e3c39d840/repo/.tmp/base/test/receptionistAudit20261009.spec.mjs:118:41)
    Test.runInAsyncScope (node:async_hooks:214:14)
    Test.run (node:internal/test_runner/test:1047:25)
    Test.processPendingSubtests (node:internal/test_runner/test:744:18)
    Test.postRun (node:internal/test_runner/test:1173:19)
    Test.run (node:internal/test_runner/test:1101:12)
    async Test.processPendingSubtests (node:internal/test_runner/test:744:7)
  ...
# Subtest: numeric product name: Grade 2 lumber $5 each
not ok 20 - numeric product name: Grade 2 lumber $5 each
  ---
  duration_ms: 0.134316
  type: 'test'
  location: '/workspace/scratch/7c2e3c39d840/repo/.tmp/base/test/receptionistAudit20261009.spec.mjs:117:3'
  failureType: 'testCodeFailure'
  error: |-
    Expected values to be strictly equal:
    + actual - expected

    + 'needs_review'
    - 'calculated'

  code: 'ERR_ASSERTION'
  name: 'AssertionError'
  expected: 'calculated'
  actual: 'needs_review'
  operator: 'strictEqual'
  stack: |-
    TestContext.<anonymous> (file:///workspace/scratch/7c2e3c39d840/repo/.tmp/base/test/receptionistAudit20261009.spec.mjs:118:41)
    Test.runInAsyncScope (node:async_hooks:214:14)
    Test.run (node:internal/test_runner/test:1047:25)
    Test.processPendingSubtests (node:internal/test_runner/test:744:18)
    Test.postRun (node:internal/test_runner/test:1173:19)
    Test.run (node:internal/test_runner/test:1101:12)
    async Test.processPendingSubtests (node:internal/test_runner/test:744:7)
  ...
# Subtest: numeric product name: 3/4 inch plywood $5 each
not ok 21 - numeric product name: 3/4 inch plywood $5 each
  ---
  duration_ms: 0.094553
  type: 'test'
  location: '/workspace/scratch/7c2e3c39d840/repo/.tmp/base/test/receptionistAudit20261009.spec.mjs:117:3'
  failureType: 'testCodeFailure'
  error: |-
    Expected values to be strictly equal:
    + actual - expected

    + 'needs_review'
    - 'calculated'

  code: 'ERR_ASSERTION'
  name: 'AssertionError'
  expected: 'calculated'
  actual: 'needs_review'
  operator: 'strictEqual'
  stack: |-
    TestContext.<anonymous> (file:///workspace/scratch/7c2e3c39d840/repo/.tmp/base/test/receptionistAudit20261009.spec.mjs:118:41)
    Test.runInAsyncScope (node:async_hooks:214:14)
    Test.run (node:internal/test_runner/test:1047:25)
    Test.processPendingSubtests (node:internal/test_runner/test:744:18)
    Test.postRun (node:internal/test_runner/test:1173:19)
    Test.run (node:internal/test_runner/test:1101:12)
    async Test.processPendingSubtests (node:internal/test_runner/test:744:7)
  ...
# Subtest: numeric product name: \#2 lumber $5 each
not ok 22 - numeric product name: \#2 lumber $5 each
  ---
  duration_ms: 0.079519
  type: 'test'
  location: '/workspace/scratch/7c2e3c39d840/repo/.tmp/base/test/receptionistAudit20261009.spec.mjs:117:3'
  failureType: 'testCodeFailure'
  error: |-
    Expected values to be strictly equal:
    + actual - expected

    + 'needs_review'
    - 'calculated'

  code: 'ERR_ASSERTION'
  name: 'AssertionError'
  expected: 'calculated'
  actual: 'needs_review'
  operator: 'strictEqual'
  stack: |-
    TestContext.<anonymous> (file:///workspace/scratch/7c2e3c39d840/repo/.tmp/base/test/receptionistAudit20261009.spec.mjs:118:41)
    Test.runInAsyncScope (node:async_hooks:214:14)
    Test.run (node:internal/test_runner/test:1047:25)
    Test.processPendingSubtests (node:internal/test_runner/test:744:18)
    Test.postRun (node:internal/test_runner/test:1173:19)
    Test.run (node:internal/test_runner/test:1101:12)
    async Test.processPendingSubtests (node:internal/test_runner/test:744:7)
  ...
# Subtest: quantity condition refused: Lumber $5 each, 10 or more $4 each
ok 23 - quantity condition refused: Lumber $5 each, 10 or more $4 each
  ---
  duration_ms: 0.095612
  type: 'test'
  ...
# Subtest: quantity condition refused: Lumber $5 each or 2 for $9
ok 24 - quantity condition refused: Lumber $5 each or 2 for $9
  ---
  duration_ms: 0.048326
  type: 'test'
  ...
# Subtest: quantity condition refused: Lumber pack of 6 $5 each
ok 25 - quantity condition refused: Lumber pack of 6 $5 each
  ---
  duration_ms: 0.045936
  type: 'test'
  ...
# Subtest: quantity condition refused: Lumber first 3 $5 each
ok 26 - quantity condition refused: Lumber first 3 $5 each
  ---
  duration_ms: 0.116483
  type: 'test'
  ...
# Subtest: quantity condition refused: Lumber per 100 $5 each
ok 27 - quantity condition refused: Lumber per 100 $5 each
  ---
  duration_ms: 0.094653
  type: 'test'
  ...
# Subtest: quantity condition refused: Lumber min 5 $5 each
ok 28 - quantity condition refused: Lumber min 5 $5 each
  ---
  duration_ms: 0.05599
  type: 'test'
  ...
1..28
# tests 28
# suites 0
# pass 9
# fail 19
# cancelled 0
# skipped 0
# todo 0
# duration_ms 258.424104
